D:\Work\pywx\Adapters\PyApp.hxx
D:\Work\pywx\Adapters\PyBind.hxx
D:\Work\pywx\Adapters\More.hxx
D:\Work\pywx\Adapters\XRC.hxx
D:\Work\pywx\Hacks\_EVENTTAGS.hxx
D:\Work\pywx\Hacks\_ENUMERATIONS.hpp
D:\Work\pywx\Hacks\_STOCKGDI.hxx
D:\Work\CppLibs\wxMSW\include\wx\defs.h
D:\Work\CppLibs\wxMSW\include\wx\object.h
D:\Work\CppLibs\wxMSW\include\wx\rtti.h
D:\Work\CppLibs\wxMSW\include\wx\stream.h
D:\Work\CppLibs\wxMSW\include\wx\gdicmn.h
D:\Work\CppLibs\wxMSW\include\wx\gdiobj.h
D:\Work\CppLibs\wxMSW\include\wx\msw\gdiimage.h
D:\Work\CppLibs\wxMSW\include\wx\image.h
D:\Work\CppLibs\wxMSW\include\wx\bitmap.h
D:\Work\CppLibs\wxMSW\include\wx\colour.h
D:\Work\CppLibs\wxMSW\include\wx\cursor.h
D:\Work\CppLibs\wxMSW\include\wx\brush.h
D:\Work\CppLibs\wxMSW\include\wx\pen.h
D:\Work\CppLibs\wxMSW\include\wx\fontutil.h
D:\Work\CppLibs\wxMSW\include\wx\font.h
D:\Work\CppLibs\wxMSW\include\wx\icon.h
D:\Work\CppLibs\wxMSW\include\wx\iconloc.h
D:\Work\CppLibs\wxMSW\include\wx\region.h
D:\Work\CppLibs\wxMSW\include\wx\dc.h
D:\Work\CppLibs\wxMSW\include\wx\dcclient.h
D:\Work\CppLibs\wxMSW\include\wx\dcmemory.h
D:\Work\CppLibs\wxMSW\include\wx\dcbuffer.h
D:\Work\CppLibs\wxMSW\include\wx\geometry.h
D:\Work\CppLibs\wxMSW\include\wx\graphics.h
D:\Work\CppLibs\wxMSW\include\wx\dcgraph.h
D:\Work\CppLibs\wxMSW\include\wx\tracker.h
D:\Work\CppLibs\wxMSW\include\wx\kbdstate.h
D:\Work\CppLibs\wxMSW\include\wx\mousestate.h
D:\Work\CppLibs\wxMSW\include\wx\event.h
D:\Work\CppLibs\wxMSW\include\wx\clntdata.h
D:\Work\CppLibs\wxMSW\include\wx\eventfilter.h
D:\Work\CppLibs\wxMSW\include\wx\window.h
D:\Work\CppLibs\wxMSW\include\wx\evtloop.h
D:\Work\CppLibs\wxMSW\include\wx\msw\evtloopconsole.h
D:\Work\CppLibs\wxMSW\include\wx\app.h
D:\Work\CppLibs\wxMSW\include\wx\vidmode.h
D:\Work\CppLibs\wxMSW\include\wx\nonownedwnd.h
D:\Work\CppLibs\wxMSW\include\wx\toplevel.h
D:\Work\CppLibs\wxMSW\include\wx\frame.h
D:\Work\CppLibs\wxMSW\include\wx\control.h
D:\Work\CppLibs\wxMSW\include\wx\ownerdrw.h
D:\Work\CppLibs\wxMSW\include\wx\anybutton.h
D:\Work\CppLibs\wxMSW\include\wx\button.h
D:\Work\CppLibs\wxMSW\include\wx\textentry.h
D:\Work\CppLibs\wxMSW\include\wx\textctrl.h
D:\Work\CppLibs\wxMSW\include\wx\sizer.h
D:\Work\CppLibs\wxMSW\include\wx\imaglist.h
D:\Work\CppLibs\wxMSW\include\wx\listbase.h
D:\Work\CppLibs\wxMSW\include\wx\listctrl.h
D:\Work\CppLibs\wxMSW\include\wx\ctrlsub.h
D:\Work\CppLibs\wxMSW\include\wx\msw\ownerdrawnbutton.h
D:\Work\CppLibs\wxMSW\include\wx\listbox.h
D:\Work\CppLibs\wxMSW\include\wx\checklst.h
D:\Work\CppLibs\wxMSW\include\wx\settings.h
D:\Work\CppLibs\wxMSW\include\wx\statusbr.h
D:\Work\CppLibs\wxMSW\include\wx\msw\statusbar.h
D:\Work\CppLibs\wxMSW\include\wx\menuitem.h
D:\Work\CppLibs\wxMSW\include\wx\menu.h
D:\Work\CppLibs\wxMSW\include\wx\process.h
D:\Work\CppLibs\wxMSW\include\wx\utils.h
D:\Work\CppLibs\wxMSW\include\wx\timer.h
D:\Work\CppLibs\wxMSW\include\wx\dialog.h
D:\Work\CppLibs\wxMSW\include\wx\msgdlg.h
D:\Work\CppLibs\wxMSW\include\wx\filedlg.h
D:\Work\CppLibs\wxMSW\include\wx\stattext.h
D:\Work\CppLibs\wxMSW\include\wx\checkbox.h
D:\Work\CppLibs\wxMSW\include\wx\systhemectrl.h
D:\Work\CppLibs\wxMSW\include\wx\treebase.h
D:\Work\CppLibs\wxMSW\include\wx\treectrl.h
D:\Work\CppLibs\wxMSW\include\wx\xrc\xmlres.h
D:\Work\CppLibs\wxMSW\include\wx\withimages.h
D:\Work\CppLibs\wxMSW\include\wx\bookctrl.h
D:\Work\CppLibs\wxMSW\include\wx\notebook.h
D:\Work\CppLibs\wxMSW\include\wx\containr.h
D:\Work\CppLibs\wxMSW\include\wx\panel.h
D:\Work\CppLibs\wxMSW\include\wx\generic\textdlgg.h
D:\Work\CppLibs\wxMSW\include\wx\validate.h
D:\Work\CppLibs\wxMSW\include\wx\valtext.h
